# serializer version: 1
# name: test_get_current_user
  dict({
    'display_name': 'Joost Lekkerkerker',
    'email': 'joostlek@outlook.com',
    'images': list([
      dict({
        'height': 64,
        'url': 'https://i.scdn.co/image/ab67757000003b8246569a64d252247acb1491bc',
        'width': 64,
      }),
      dict({
        'height': 300,
        'url': 'https://i.scdn.co/image/ab6775700000ee8546569a64d252247acb1491bc',
        'width': 300,
      }),
    ]),
    'object_type': 'user',
    'product': <ProductType.PREMIUM: 'premium'>,
    'uri': 'spotify:user:1112264649',
    'user_id': '1112264649',
  })
# ---
# name: test_get_user
  dict({
    'display_name': 'smedjan',
    'images': list([
    ]),
    'object_type': 'user',
    'uri': 'spotify:user:smedjan',
    'user_id': 'smedjan',
  })
# ---
